src/app/(storefront)/gate/page.tsx(25,18): error TS2345: Argument of type '"/"' is not assignable to parameter of type 'RouteImpl<"/">'.
src/features/gate/ui/GateForm.tsx(41,25): error TS2345: Argument of type '"/"' is not assignable to parameter of type 'RouteImpl<"/">'.
src/shared/ui/checkbox.tsx(5,23): error TS2307: Cannot find module 'lucide-react' or its corresponding type declarations.
